.\venv\Scripts\python.exe : ...2026-03-08 15:37:25.604 | WARNING  | agents.matrix:calculate_bids:62 - Node gemini is CONSTRAINED due to h
ealth.
所在位置 行:1 字符: 1
+ .\venv\Scripts\python.exe tests/test_patent_logic.py > test_output.tx ...
+ ~~~~~~~~~~~~~~~~~~~~~~~~~~~~~~~~~~~~~~~~~~~~~~~~~~~~~~~~~~~~~~~~~~~~~
    + CategoryInfo          : NotSpecified: (...2026-03-08 1... due to health.:String) [], RemoteException
    + FullyQualifiedErrorId : NativeCommandError
 
2026-03-08 15:37:25.605 | WARNING  | agents.matrix:calculate_bids:62 - Node claude is CONSTRAINED due to health.

2026-03-08 15:37:25.605 | WARNING  | agents.matrix:calculate_bids:62 - Node grok is CONSTRAINED due to health.

F


======================================================================

FAIL: test_vickrey_auction (__main__.TestPatentLogic.test_vickrey_auction)

----------------------------------------------------------------------

Traceback (most recent call last):
  File "E:\dailm---distributed-ai-labor-market\tests\test_patent_logic.py", line 44, in test_vickrey_auction
    self.assertTrue(len(bids) > 0)
AssertionError: False is not true


----------------------------------------------------------------------

Ran 4 tests in 0.005s



FAILED (failures=1)

Starting TestPatentLogic...
Thermal Decay: 0.0
